[0.387s] DEBUG:colcon:Command line arguments: ['/usr/bin/colcon', 'build']
[0.388s] DEBUG:colcon:Parsed command line arguments: Namespace(log_base=None, log_level=None, verb_name='build', build_base='build', install_base='install', merge_install=False, symlink_install=False, test_result_base=None, continue_on_error=False, executor='parallel', parallel_workers=3, event_handlers=None, ignore_user_meta=False, metas=['./colcon.meta'], base_paths=['.'], packages_ignore=None, packages_ignore_regex=None, paths=None, packages_up_to=None, packages_up_to_regex=None, packages_above=None, packages_above_and_dependencies=None, packages_above_depth=None, packages_select_by_dep=None, packages_skip_by_dep=None, packages_skip_up_to=None, packages_select_build_failed=False, packages_skip_build_finished=False, packages_select_test_failures=False, packages_skip_test_passed=False, packages_select=None, packages_skip=None, packages_select_regex=None, packages_skip_regex=None, packages_start=None, packages_end=None, allow_overriding=[], cmake_args=None, cmake_target=None, cmake_target_skip_unavailable=False, cmake_clean_cache=False, cmake_clean_first=False, cmake_force_configure=False, ament_cmake_args=None, catkin_cmake_args=None, catkin_skip_building_tests=False, mixin_files=None, mixin=None, verb_parser=<colcon_mixin.mixin.mixin_argument.MixinArgumentDecorator object at 0xffff9b9d4d90>, verb_extension=<colcon_core.verb.build.BuildVerb object at 0xffff9bb85cf0>, main=<bound method BuildVerb.main of <colcon_core.verb.build.BuildVerb object at 0xffff9bb85cf0>>, mixin_verb=('build',))
[1.006s] Level 1:colcon.colcon_core.package_discovery:discover_packages(colcon_meta) check parameters
[1.007s] Level 1:colcon.colcon_core.package_discovery:discover_packages(recursive) check parameters
[1.007s] Level 1:colcon.colcon_core.package_discovery:discover_packages(ignore) check parameters
[1.008s] Level 1:colcon.colcon_core.package_discovery:discover_packages(path) check parameters
[1.008s] Level 1:colcon.colcon_core.package_discovery:discover_packages(colcon_meta) discover
[1.008s] Level 1:colcon.colcon_core.package_discovery:discover_packages(recursive) discover
[1.009s] INFO:colcon.colcon_core.package_discovery:Crawling recursively for packages in '/home/asdfr-27/ros2_ws/src'
[1.009s] Level 1:colcon.colcon_core.package_identification:_identify(.) by extensions ['ignore', 'ignore_ament_install']
[1.010s] Level 1:colcon.colcon_core.package_identification:_identify(.) by extension 'ignore'
[1.010s] Level 1:colcon.colcon_core.package_identification:_identify(.) by extension 'ignore_ament_install'
[1.011s] Level 1:colcon.colcon_core.package_identification:_identify(.) by extensions ['colcon_pkg']
[1.011s] Level 1:colcon.colcon_core.package_identification:_identify(.) by extension 'colcon_pkg'
[1.011s] Level 1:colcon.colcon_core.package_identification:_identify(.) by extensions ['colcon_meta']
[1.012s] Level 1:colcon.colcon_core.package_identification:_identify(.) by extension 'colcon_meta'
[1.012s] Level 1:colcon.colcon_core.package_identification:_identify(.) by extensions ['ros']
[1.012s] Level 1:colcon.colcon_core.package_identification:_identify(.) by extension 'ros'
[1.056s] Level 1:colcon.colcon_core.package_identification:_identify(.) by extensions ['cmake', 'python']
[1.056s] Level 1:colcon.colcon_core.package_identification:_identify(.) by extension 'cmake'
[1.057s] Level 1:colcon.colcon_core.package_identification:_identify(.) by extension 'python'
[1.057s] Level 1:colcon.colcon_core.package_identification:_identify(.) by extensions ['python_setup_py']
[1.057s] Level 1:colcon.colcon_core.package_identification:_identify(.) by extension 'python_setup_py'
[1.058s] Level 1:colcon.colcon_core.package_identification:_identify(brightness_adjuster) by extensions ['ignore', 'ignore_ament_install']
[1.059s] Level 1:colcon.colcon_core.package_identification:_identify(brightness_adjuster) by extension 'ignore'
[1.059s] Level 1:colcon.colcon_core.package_identification:_identify(brightness_adjuster) by extension 'ignore_ament_install'
[1.059s] Level 1:colcon.colcon_core.package_identification:_identify(brightness_adjuster) by extensions ['colcon_pkg']
[1.060s] Level 1:colcon.colcon_core.package_identification:_identify(brightness_adjuster) by extension 'colcon_pkg'
[1.060s] Level 1:colcon.colcon_core.package_identification:_identify(brightness_adjuster) by extensions ['colcon_meta']
[1.061s] Level 1:colcon.colcon_core.package_identification:_identify(brightness_adjuster) by extension 'colcon_meta'
[1.061s] Level 1:colcon.colcon_core.package_identification:_identify(brightness_adjuster) by extensions ['ros']
[1.061s] Level 1:colcon.colcon_core.package_identification:_identify(brightness_adjuster) by extension 'ros'
[1.071s] DEBUG:colcon.colcon_core.package_identification:Package 'brightness_adjuster' with type 'ros.ament_cmake' and name 'brightness_adjuster'
[1.071s] Level 1:colcon.colcon_core.package_identification:_identify(build) by extensions ['ignore', 'ignore_ament_install']
[1.072s] Level 1:colcon.colcon_core.package_identification:_identify(build) by extension 'ignore'
[1.072s] Level 1:colcon.colcon_core.package_identification:_identify(build) ignored
[1.073s] Level 1:colcon.colcon_core.package_identification:_identify(cam2image_vm2ros) by extensions ['ignore', 'ignore_ament_install']
[1.074s] Level 1:colcon.colcon_core.package_identification:_identify(cam2image_vm2ros) by extension 'ignore'
[1.074s] Level 1:colcon.colcon_core.package_identification:_identify(cam2image_vm2ros) by extension 'ignore_ament_install'
[1.074s] Level 1:colcon.colcon_core.package_identification:_identify(cam2image_vm2ros) by extensions ['colcon_pkg']
[1.075s] Level 1:colcon.colcon_core.package_identification:_identify(cam2image_vm2ros) by extension 'colcon_pkg'
[1.075s] Level 1:colcon.colcon_core.package_identification:_identify(cam2image_vm2ros) by extensions ['colcon_meta']
[1.075s] Level 1:colcon.colcon_core.package_identification:_identify(cam2image_vm2ros) by extension 'colcon_meta'
[1.076s] Level 1:colcon.colcon_core.package_identification:_identify(cam2image_vm2ros) by extensions ['ros']
[1.076s] Level 1:colcon.colcon_core.package_identification:_identify(cam2image_vm2ros) by extension 'ros'
[1.079s] DEBUG:colcon.colcon_core.package_identification:Package 'cam2image_vm2ros' with type 'ros.ament_cmake' and name 'cam2image_vm2ros'
[1.080s] Level 1:colcon.colcon_core.package_identification:_identify(green_checker) by extensions ['ignore', 'ignore_ament_install']
[1.080s] Level 1:colcon.colcon_core.package_identification:_identify(green_checker) by extension 'ignore'
[1.081s] Level 1:colcon.colcon_core.package_identification:_identify(green_checker) by extension 'ignore_ament_install'
[1.081s] Level 1:colcon.colcon_core.package_identification:_identify(green_checker) by extensions ['colcon_pkg']
[1.081s] Level 1:colcon.colcon_core.package_identification:_identify(green_checker) by extension 'colcon_pkg'
[1.082s] Level 1:colcon.colcon_core.package_identification:_identify(green_checker) by extensions ['colcon_meta']
[1.082s] Level 1:colcon.colcon_core.package_identification:_identify(green_checker) by extension 'colcon_meta'
[1.082s] Level 1:colcon.colcon_core.package_identification:_identify(green_checker) by extensions ['ros']
[1.083s] Level 1:colcon.colcon_core.package_identification:_identify(green_checker) by extension 'ros'
[1.086s] DEBUG:colcon.colcon_core.package_identification:Package 'green_checker' with type 'ros.ament_cmake' and name 'green_checker'
[1.087s] Level 1:colcon.colcon_core.package_identification:_identify(install) by extensions ['ignore', 'ignore_ament_install']
[1.087s] Level 1:colcon.colcon_core.package_identification:_identify(install) by extension 'ignore'
[1.088s] Level 1:colcon.colcon_core.package_identification:_identify(install) ignored
[1.088s] Level 1:colcon.colcon_core.package_identification:_identify(log) by extensions ['ignore', 'ignore_ament_install']
[1.089s] Level 1:colcon.colcon_core.package_identification:_identify(log) by extension 'ignore'
[1.089s] Level 1:colcon.colcon_core.package_identification:_identify(log) ignored
[1.090s] Level 1:colcon.colcon_core.package_identification:_identify(relbot_adapter) by extensions ['ignore', 'ignore_ament_install']
[1.090s] Level 1:colcon.colcon_core.package_identification:_identify(relbot_adapter) by extension 'ignore'
[1.091s] Level 1:colcon.colcon_core.package_identification:_identify(relbot_adapter) by extension 'ignore_ament_install'
[1.091s] Level 1:colcon.colcon_core.package_identification:_identify(relbot_adapter) by extensions ['colcon_pkg']
[1.092s] Level 1:colcon.colcon_core.package_identification:_identify(relbot_adapter) by extension 'colcon_pkg'
[1.092s] Level 1:colcon.colcon_core.package_identification:_identify(relbot_adapter) by extensions ['colcon_meta']
[1.092s] Level 1:colcon.colcon_core.package_identification:_identify(relbot_adapter) by extension 'colcon_meta'
[1.093s] Level 1:colcon.colcon_core.package_identification:_identify(relbot_adapter) by extensions ['ros']
[1.093s] Level 1:colcon.colcon_core.package_identification:_identify(relbot_adapter) by extension 'ros'
[1.095s] DEBUG:colcon.colcon_core.package_identification:Package 'relbot_adapter' with type 'ros.ament_cmake' and name 'relbot_adapter'
[1.096s] Level 1:colcon.colcon_core.package_identification:_identify(relbot_msgs) by extensions ['ignore', 'ignore_ament_install']
[1.096s] Level 1:colcon.colcon_core.package_identification:_identify(relbot_msgs) by extension 'ignore'
[1.097s] Level 1:colcon.colcon_core.package_identification:_identify(relbot_msgs) by extension 'ignore_ament_install'
[1.097s] Level 1:colcon.colcon_core.package_identification:_identify(relbot_msgs) by extensions ['colcon_pkg']
[1.097s] Level 1:colcon.colcon_core.package_identification:_identify(relbot_msgs) by extension 'colcon_pkg'
[1.098s] Level 1:colcon.colcon_core.package_identification:_identify(relbot_msgs) by extensions ['colcon_meta']
[1.098s] Level 1:colcon.colcon_core.package_identification:_identify(relbot_msgs) by extension 'colcon_meta'
[1.098s] Level 1:colcon.colcon_core.package_identification:_identify(relbot_msgs) by extensions ['ros']
[1.098s] Level 1:colcon.colcon_core.package_identification:_identify(relbot_msgs) by extension 'ros'
[1.101s] DEBUG:colcon.colcon_core.package_identification:Package 'relbot_msgs' with type 'ros.ament_cmake' and name 'relbot_msgs'
[1.102s] Level 1:colcon.colcon_core.package_identification:_identify(relbot_setpoints) by extensions ['ignore', 'ignore_ament_install']
[1.102s] Level 1:colcon.colcon_core.package_identification:_identify(relbot_setpoints) by extension 'ignore'
[1.103s] Level 1:colcon.colcon_core.package_identification:_identify(relbot_setpoints) by extension 'ignore_ament_install'
[1.103s] Level 1:colcon.colcon_core.package_identification:_identify(relbot_setpoints) by extensions ['colcon_pkg']
[1.103s] Level 1:colcon.colcon_core.package_identification:_identify(relbot_setpoints) by extension 'colcon_pkg'
[1.104s] Level 1:colcon.colcon_core.package_identification:_identify(relbot_setpoints) by extensions ['colcon_meta']
[1.104s] Level 1:colcon.colcon_core.package_identification:_identify(relbot_setpoints) by extension 'colcon_meta'
[1.104s] Level 1:colcon.colcon_core.package_identification:_identify(relbot_setpoints) by extensions ['ros']
[1.105s] Level 1:colcon.colcon_core.package_identification:_identify(relbot_setpoints) by extension 'ros'
[1.108s] DEBUG:colcon.colcon_core.package_identification:Package 'relbot_setpoints' with type 'ros.ament_cmake' and name 'relbot_setpoints'
[1.108s] Level 1:colcon.colcon_core.package_identification:_identify(relbot_simulator) by extensions ['ignore', 'ignore_ament_install']
[1.109s] Level 1:colcon.colcon_core.package_identification:_identify(relbot_simulator) by extension 'ignore'
[1.109s] Level 1:colcon.colcon_core.package_identification:_identify(relbot_simulator) by extension 'ignore_ament_install'
[1.110s] Level 1:colcon.colcon_core.package_identification:_identify(relbot_simulator) by extensions ['colcon_pkg']
[1.110s] Level 1:colcon.colcon_core.package_identification:_identify(relbot_simulator) by extension 'colcon_pkg'
[1.111s] Level 1:colcon.colcon_core.package_identification:_identify(relbot_simulator) by extensions ['colcon_meta']
[1.111s] Level 1:colcon.colcon_core.package_identification:_identify(relbot_simulator) by extension 'colcon_meta'
[1.112s] Level 1:colcon.colcon_core.package_identification:_identify(relbot_simulator) by extensions ['ros']
[1.112s] Level 1:colcon.colcon_core.package_identification:_identify(relbot_simulator) by extension 'ros'
[1.116s] DEBUG:colcon.colcon_core.package_identification:Package 'relbot_simulator' with type 'ros.ament_cmake' and name 'relbot_simulator'
[1.117s] Level 1:colcon.colcon_core.package_discovery:discover_packages(recursive) using defaults
[1.117s] Level 1:colcon.colcon_core.package_discovery:discover_packages(ignore) discover
[1.117s] Level 1:colcon.colcon_core.package_discovery:discover_packages(ignore) using defaults
[1.118s] Level 1:colcon.colcon_core.package_discovery:discover_packages(path) discover
[1.118s] Level 1:colcon.colcon_core.package_discovery:discover_packages(path) using defaults
[1.231s] Level 1:colcon.colcon_core.package_discovery:discover_packages(prefix_path) check parameters
[1.231s] Level 1:colcon.colcon_core.package_discovery:discover_packages(prefix_path) discover
[1.239s] DEBUG:colcon.colcon_installed_package_information.package_discovery:Found 7 installed packages in /home/asdfr-27/ros2_ws/install
[1.244s] DEBUG:colcon.colcon_installed_package_information.package_discovery:Found 271 installed packages in /opt/ros/humble
[1.251s] Level 1:colcon.colcon_core.package_discovery:discover_packages(prefix_path) using defaults
[1.391s] Level 5:colcon.colcon_core.verb:set package 'brightness_adjuster' build argument 'cmake_args' from command line to 'None'
[1.392s] Level 5:colcon.colcon_core.verb:set package 'brightness_adjuster' build argument 'cmake_target' from command line to 'None'
[1.392s] Level 5:colcon.colcon_core.verb:set package 'brightness_adjuster' build argument 'cmake_target_skip_unavailable' from command line to 'False'
[1.393s] Level 5:colcon.colcon_core.verb:set package 'brightness_adjuster' build argument 'cmake_clean_cache' from command line to 'False'
[1.393s] Level 5:colcon.colcon_core.verb:set package 'brightness_adjuster' build argument 'cmake_clean_first' from command line to 'False'
[1.393s] Level 5:colcon.colcon_core.verb:set package 'brightness_adjuster' build argument 'cmake_force_configure' from command line to 'False'
[1.393s] Level 5:colcon.colcon_core.verb:set package 'brightness_adjuster' build argument 'ament_cmake_args' from command line to 'None'
[1.394s] Level 5:colcon.colcon_core.verb:set package 'brightness_adjuster' build argument 'catkin_cmake_args' from command line to 'None'
[1.394s] Level 5:colcon.colcon_core.verb:set package 'brightness_adjuster' build argument 'catkin_skip_building_tests' from command line to 'False'
[1.394s] DEBUG:colcon.colcon_core.verb:Building package 'brightness_adjuster' with the following arguments: {'ament_cmake_args': None, 'build_base': '/home/asdfr-27/ros2_ws/src/build/brightness_adjuster', 'catkin_cmake_args': None, 'catkin_skip_building_tests': False, 'cmake_args': None, 'cmake_clean_cache': False, 'cmake_clean_first': False, 'cmake_force_configure': False, 'cmake_target': None, 'cmake_target_skip_unavailable': False, 'install_base': '/home/asdfr-27/ros2_ws/src/install/brightness_adjuster', 'merge_install': False, 'path': '/home/asdfr-27/ros2_ws/src/brightness_adjuster', 'symlink_install': False, 'test_result_base': None}
[1.396s] Level 5:colcon.colcon_core.verb:set package 'cam2image_vm2ros' build argument 'cmake_args' from command line to 'None'
[1.396s] Level 5:colcon.colcon_core.verb:set package 'cam2image_vm2ros' build argument 'cmake_target' from command line to 'None'
[1.396s] Level 5:colcon.colcon_core.verb:set package 'cam2image_vm2ros' build argument 'cmake_target_skip_unavailable' from command line to 'False'
[1.397s] Level 5:colcon.colcon_core.verb:set package 'cam2image_vm2ros' build argument 'cmake_clean_cache' from command line to 'False'
[1.397s] Level 5:colcon.colcon_core.verb:set package 'cam2image_vm2ros' build argument 'cmake_clean_first' from command line to 'False'
[1.397s] Level 5:colcon.colcon_core.verb:set package 'cam2image_vm2ros' build argument 'cmake_force_configure' from command line to 'False'
[1.398s] Level 5:colcon.colcon_core.verb:set package 'cam2image_vm2ros' build argument 'ament_cmake_args' from command line to 'None'
[1.398s] Level 5:colcon.colcon_core.verb:set package 'cam2image_vm2ros' build argument 'catkin_cmake_args' from command line to 'None'
[1.398s] Level 5:colcon.colcon_core.verb:set package 'cam2image_vm2ros' build argument 'catkin_skip_building_tests' from command line to 'False'
[1.398s] DEBUG:colcon.colcon_core.verb:Building package 'cam2image_vm2ros' with the following arguments: {'ament_cmake_args': None, 'build_base': '/home/asdfr-27/ros2_ws/src/build/cam2image_vm2ros', 'catkin_cmake_args': None, 'catkin_skip_building_tests': False, 'cmake_args': None, 'cmake_clean_cache': False, 'cmake_clean_first': False, 'cmake_force_configure': False, 'cmake_target': None, 'cmake_target_skip_unavailable': False, 'install_base': '/home/asdfr-27/ros2_ws/src/install/cam2image_vm2ros', 'merge_install': False, 'path': '/home/asdfr-27/ros2_ws/src/cam2image_vm2ros', 'symlink_install': False, 'test_result_base': None}
[1.400s] Level 5:colcon.colcon_core.verb:set package 'green_checker' build argument 'cmake_args' from command line to 'None'
[1.400s] Level 5:colcon.colcon_core.verb:set package 'green_checker' build argument 'cmake_target' from command line to 'None'
[1.401s] Level 5:colcon.colcon_core.verb:set package 'green_checker' build argument 'cmake_target_skip_unavailable' from command line to 'False'
[1.401s] Level 5:colcon.colcon_core.verb:set package 'green_checker' build argument 'cmake_clean_cache' from command line to 'False'
[1.401s] Level 5:colcon.colcon_core.verb:set package 'green_checker' build argument 'cmake_clean_first' from command line to 'False'
[1.401s] Level 5:colcon.colcon_core.verb:set package 'green_checker' build argument 'cmake_force_configure' from command line to 'False'
[1.402s] Level 5:colcon.colcon_core.verb:set package 'green_checker' build argument 'ament_cmake_args' from command line to 'None'
[1.402s] Level 5:colcon.colcon_core.verb:set package 'green_checker' build argument 'catkin_cmake_args' from command line to 'None'
[1.402s] Level 5:colcon.colcon_core.verb:set package 'green_checker' build argument 'catkin_skip_building_tests' from command line to 'False'
[1.402s] DEBUG:colcon.colcon_core.verb:Building package 'green_checker' with the following arguments: {'ament_cmake_args': None, 'build_base': '/home/asdfr-27/ros2_ws/src/build/green_checker', 'catkin_cmake_args': None, 'catkin_skip_building_tests': False, 'cmake_args': None, 'cmake_clean_cache': False, 'cmake_clean_first': False, 'cmake_force_configure': False, 'cmake_target': None, 'cmake_target_skip_unavailable': False, 'install_base': '/home/asdfr-27/ros2_ws/src/install/green_checker', 'merge_install': False, 'path': '/home/asdfr-27/ros2_ws/src/green_checker', 'symlink_install': False, 'test_result_base': None}
[1.404s] Level 5:colcon.colcon_core.verb:set package 'relbot_adapter' build argument 'cmake_args' from command line to 'None'
[1.404s] Level 5:colcon.colcon_core.verb:set package 'relbot_adapter' build argument 'cmake_target' from command line to 'None'
[1.405s] Level 5:colcon.colcon_core.verb:set package 'relbot_adapter' build argument 'cmake_target_skip_unavailable' from command line to 'False'
[1.405s] Level 5:colcon.colcon_core.verb:set package 'relbot_adapter' build argument 'cmake_clean_cache' from command line to 'False'
[1.405s] Level 5:colcon.colcon_core.verb:set package 'relbot_adapter' build argument 'cmake_clean_first' from command line to 'False'
[1.405s] Level 5:colcon.colcon_core.verb:set package 'relbot_adapter' build argument 'cmake_force_configure' from command line to 'False'
[1.406s] Level 5:colcon.colcon_core.verb:set package 'relbot_adapter' build argument 'ament_cmake_args' from command line to 'None'
[1.406s] Level 5:colcon.colcon_core.verb:set package 'relbot_adapter' build argument 'catkin_cmake_args' from command line to 'None'
[1.406s] Level 5:colcon.colcon_core.verb:set package 'relbot_adapter' build argument 'catkin_skip_building_tests' from command line to 'False'
[1.407s] DEBUG:colcon.colcon_core.verb:Building package 'relbot_adapter' with the following arguments: {'ament_cmake_args': None, 'build_base': '/home/asdfr-27/ros2_ws/src/build/relbot_adapter', 'catkin_cmake_args': None, 'catkin_skip_building_tests': False, 'cmake_args': None, 'cmake_clean_cache': False, 'cmake_clean_first': False, 'cmake_force_configure': False, 'cmake_target': None, 'cmake_target_skip_unavailable': False, 'install_base': '/home/asdfr-27/ros2_ws/src/install/relbot_adapter', 'merge_install': False, 'path': '/home/asdfr-27/ros2_ws/src/relbot_adapter', 'symlink_install': False, 'test_result_base': None}
[1.408s] Level 5:colcon.colcon_core.verb:set package 'relbot_msgs' build argument 'cmake_args' from command line to 'None'
[1.409s] Level 5:colcon.colcon_core.verb:set package 'relbot_msgs' build argument 'cmake_target' from command line to 'None'
[1.409s] Level 5:colcon.colcon_core.verb:set package 'relbot_msgs' build argument 'cmake_target_skip_unavailable' from command line to 'False'
[1.409s] Level 5:colcon.colcon_core.verb:set package 'relbot_msgs' build argument 'cmake_clean_cache' from command line to 'False'
[1.409s] Level 5:colcon.colcon_core.verb:set package 'relbot_msgs' build argument 'cmake_clean_first' from command line to 'False'
[1.410s] Level 5:colcon.colcon_core.verb:set package 'relbot_msgs' build argument 'cmake_force_configure' from command line to 'False'
[1.410s] Level 5:colcon.colcon_core.verb:set package 'relbot_msgs' build argument 'ament_cmake_args' from command line to 'None'
[1.410s] Level 5:colcon.colcon_core.verb:set package 'relbot_msgs' build argument 'catkin_cmake_args' from command line to 'None'
[1.410s] Level 5:colcon.colcon_core.verb:set package 'relbot_msgs' build argument 'catkin_skip_building_tests' from command line to 'False'
[1.411s] DEBUG:colcon.colcon_core.verb:Building package 'relbot_msgs' with the following arguments: {'ament_cmake_args': None, 'build_base': '/home/asdfr-27/ros2_ws/src/build/relbot_msgs', 'catkin_cmake_args': None, 'catkin_skip_building_tests': False, 'cmake_args': None, 'cmake_clean_cache': False, 'cmake_clean_first': False, 'cmake_force_configure': False, 'cmake_target': None, 'cmake_target_skip_unavailable': False, 'install_base': '/home/asdfr-27/ros2_ws/src/install/relbot_msgs', 'merge_install': False, 'path': '/home/asdfr-27/ros2_ws/src/relbot_msgs', 'symlink_install': False, 'test_result_base': None}
[1.412s] Level 5:colcon.colcon_core.verb:set package 'relbot_setpoints' build argument 'cmake_args' from command line to 'None'
[1.413s] Level 5:colcon.colcon_core.verb:set package 'relbot_setpoints' build argument 'cmake_target' from command line to 'None'
[1.413s] Level 5:colcon.colcon_core.verb:set package 'relbot_setpoints' build argument 'cmake_target_skip_unavailable' from command line to 'False'
[1.413s] Level 5:colcon.colcon_core.verb:set package 'relbot_setpoints' build argument 'cmake_clean_cache' from command line to 'False'
[1.413s] Level 5:colcon.colcon_core.verb:set package 'relbot_setpoints' build argument 'cmake_clean_first' from command line to 'False'
[1.414s] Level 5:colcon.colcon_core.verb:set package 'relbot_setpoints' build argument 'cmake_force_configure' from command line to 'False'
[1.414s] Level 5:colcon.colcon_core.verb:set package 'relbot_setpoints' build argument 'ament_cmake_args' from command line to 'None'
[1.414s] Level 5:colcon.colcon_core.verb:set package 'relbot_setpoints' build argument 'catkin_cmake_args' from command line to 'None'
[1.414s] Level 5:colcon.colcon_core.verb:set package 'relbot_setpoints' build argument 'catkin_skip_building_tests' from command line to 'False'
[1.415s] DEBUG:colcon.colcon_core.verb:Building package 'relbot_setpoints' with the following arguments: {'ament_cmake_args': None, 'build_base': '/home/asdfr-27/ros2_ws/src/build/relbot_setpoints', 'catkin_cmake_args': None, 'catkin_skip_building_tests': False, 'cmake_args': None, 'cmake_clean_cache': False, 'cmake_clean_first': False, 'cmake_force_configure': False, 'cmake_target': None, 'cmake_target_skip_unavailable': False, 'install_base': '/home/asdfr-27/ros2_ws/src/install/relbot_setpoints', 'merge_install': False, 'path': '/home/asdfr-27/ros2_ws/src/relbot_setpoints', 'symlink_install': False, 'test_result_base': None}
[1.416s] Level 5:colcon.colcon_core.verb:set package 'relbot_simulator' build argument 'cmake_args' from command line to 'None'
[1.417s] Level 5:colcon.colcon_core.verb:set package 'relbot_simulator' build argument 'cmake_target' from command line to 'None'
[1.417s] Level 5:colcon.colcon_core.verb:set package 'relbot_simulator' build argument 'cmake_target_skip_unavailable' from command line to 'False'
[1.417s] Level 5:colcon.colcon_core.verb:set package 'relbot_simulator' build argument 'cmake_clean_cache' from command line to 'False'
[1.418s] Level 5:colcon.colcon_core.verb:set package 'relbot_simulator' build argument 'cmake_clean_first' from command line to 'False'
[1.418s] Level 5:colcon.colcon_core.verb:set package 'relbot_simulator' build argument 'cmake_force_configure' from command line to 'False'
[1.418s] Level 5:colcon.colcon_core.verb:set package 'relbot_simulator' build argument 'ament_cmake_args' from command line to 'None'
[1.418s] Level 5:colcon.colcon_core.verb:set package 'relbot_simulator' build argument 'catkin_cmake_args' from command line to 'None'
[1.419s] Level 5:colcon.colcon_core.verb:set package 'relbot_simulator' build argument 'catkin_skip_building_tests' from command line to 'False'
[1.419s] DEBUG:colcon.colcon_core.verb:Building package 'relbot_simulator' with the following arguments: {'ament_cmake_args': None, 'build_base': '/home/asdfr-27/ros2_ws/src/build/relbot_simulator', 'catkin_cmake_args': None, 'catkin_skip_building_tests': False, 'cmake_args': None, 'cmake_clean_cache': False, 'cmake_clean_first': False, 'cmake_force_configure': False, 'cmake_target': None, 'cmake_target_skip_unavailable': False, 'install_base': '/home/asdfr-27/ros2_ws/src/install/relbot_simulator', 'merge_install': False, 'path': '/home/asdfr-27/ros2_ws/src/relbot_simulator', 'symlink_install': False, 'test_result_base': None}
[1.419s] INFO:colcon.colcon_core.executor:Executing jobs using 'parallel' executor
[1.423s] DEBUG:colcon.colcon_parallel_executor.executor.parallel:run_until_complete
[1.424s] INFO:colcon.colcon_ros.task.ament_cmake.build:Building ROS package in '/home/asdfr-27/ros2_ws/src/relbot_msgs' with build type 'ament_cmake'
[1.425s] INFO:colcon.colcon_cmake.task.cmake.build:Building CMake package in '/home/asdfr-27/ros2_ws/src/relbot_msgs'
[1.432s] INFO:colcon.colcon_core.plugin_system:Skipping extension 'colcon_core.shell.bat': Not used on non-Windows systems
[1.434s] INFO:colcon.colcon_core.shell:Skip shell extension 'powershell' for command environment: Not usable outside of PowerShell
[1.434s] DEBUG:colcon.colcon_core.shell:Skip shell extension 'dsv' for command environment
[1.450s] INFO:colcon.colcon_ros.task.ament_cmake.build:Building ROS package in '/home/asdfr-27/ros2_ws/src/brightness_adjuster' with build type 'ament_cmake'
[1.451s] INFO:colcon.colcon_cmake.task.cmake.build:Building CMake package in '/home/asdfr-27/ros2_ws/src/brightness_adjuster'
[1.452s] INFO:colcon.colcon_core.shell:Skip shell extension 'powershell' for command environment: Not usable outside of PowerShell
[1.453s] DEBUG:colcon.colcon_core.shell:Skip shell extension 'dsv' for command environment
[1.465s] INFO:colcon.colcon_ros.task.ament_cmake.build:Building ROS package in '/home/asdfr-27/ros2_ws/src/cam2image_vm2ros' with build type 'ament_cmake'
[1.465s] INFO:colcon.colcon_cmake.task.cmake.build:Building CMake package in '/home/asdfr-27/ros2_ws/src/cam2image_vm2ros'
[1.467s] INFO:colcon.colcon_core.shell:Skip shell extension 'powershell' for command environment: Not usable outside of PowerShell
[1.467s] DEBUG:colcon.colcon_core.shell:Skip shell extension 'dsv' for command environment
[1.495s] DEBUG:colcon.colcon_core.event_handler.log_command:Invoking command in '/home/asdfr-27/ros2_ws/src/build/relbot_msgs': CMAKE_PREFIX_PATH=${CMAKE_PREFIX_PATH}:/opt/ros/humble /usr/bin/cmake /home/asdfr-27/ros2_ws/src/relbot_msgs -DCMAKE_INSTALL_PREFIX=/home/asdfr-27/ros2_ws/src/install/relbot_msgs
[1.515s] DEBUG:colcon.colcon_core.event_handler.log_command:Invoking command in '/home/asdfr-27/ros2_ws/src/build/brightness_adjuster': CMAKE_PREFIX_PATH=${CMAKE_PREFIX_PATH}:/opt/ros/humble /usr/bin/cmake --build /home/asdfr-27/ros2_ws/src/build/brightness_adjuster -- -j3 -l3
[1.542s] DEBUG:colcon.colcon_core.event_handler.log_command:Invoking command in '/home/asdfr-27/ros2_ws/src/build/cam2image_vm2ros': CMAKE_PREFIX_PATH=${CMAKE_PREFIX_PATH}:/opt/ros/humble /usr/bin/cmake --build /home/asdfr-27/ros2_ws/src/build/cam2image_vm2ros -- -j3 -l3
[5.016s] DEBUG:colcon.colcon_parallel_executor.executor.parallel:run_until_complete was interrupted
[5.017s] DEBUG:colcon.colcon_parallel_executor.executor.parallel:run_until_complete again
[5.060s] Level 1:colcon.colcon_core.environment:create_environment_scripts_only(brightness_adjuster)
[5.087s] Level 1:colcon.colcon_core.environment:checking '/home/asdfr-27/ros2_ws/src/install/brightness_adjuster' for CMake module files
[5.089s] Level 1:colcon.colcon_core.environment:checking '/home/asdfr-27/ros2_ws/src/install/brightness_adjuster' for CMake config files
[5.091s] Level 1:colcon.colcon_core.environment:checking '/home/asdfr-27/ros2_ws/src/install/brightness_adjuster/bin'
[5.092s] Level 1:colcon.colcon_core.environment:checking '/home/asdfr-27/ros2_ws/src/install/brightness_adjuster/lib/pkgconfig/brightness_adjuster.pc'
[5.093s] Level 1:colcon.colcon_core.environment:checking '/home/asdfr-27/ros2_ws/src/install/brightness_adjuster/lib/python3.10/site-packages'
[5.095s] Level 1:colcon.colcon_core.environment:checking '/home/asdfr-27/ros2_ws/src/install/brightness_adjuster/bin'
[5.096s] INFO:colcon.colcon_core.shell:Creating package script '/home/asdfr-27/ros2_ws/src/install/brightness_adjuster/share/brightness_adjuster/package.ps1'
[5.097s] DEBUG:colcon.colcon_core.event_handler.log_command:Invoked command in '/home/asdfr-27/ros2_ws/src/build/brightness_adjuster' returned '-2': CMAKE_PREFIX_PATH=${CMAKE_PREFIX_PATH}:/opt/ros/humble /usr/bin/cmake --build /home/asdfr-27/ros2_ws/src/build/brightness_adjuster -- -j3 -l3
[5.101s] INFO:colcon.colcon_core.shell:Creating package descriptor '/home/asdfr-27/ros2_ws/src/install/brightness_adjuster/share/brightness_adjuster/package.dsv'
[5.105s] INFO:colcon.colcon_core.shell:Creating package script '/home/asdfr-27/ros2_ws/src/install/brightness_adjuster/share/brightness_adjuster/package.sh'
[5.108s] INFO:colcon.colcon_core.shell:Creating package script '/home/asdfr-27/ros2_ws/src/install/brightness_adjuster/share/brightness_adjuster/package.bash'
[5.112s] INFO:colcon.colcon_core.shell:Creating package script '/home/asdfr-27/ros2_ws/src/install/brightness_adjuster/share/brightness_adjuster/package.zsh'
[5.116s] Level 1:colcon.colcon_core.environment:create_file_with_runtime_dependencies(/home/asdfr-27/ros2_ws/src/install/brightness_adjuster/share/colcon-core/packages/brightness_adjuster)
[5.130s] DEBUG:colcon.colcon_parallel_executor.executor.parallel:run_until_complete finished
[5.130s] DEBUG:colcon.colcon_parallel_executor.executor.parallel:closing loop
[5.131s] DEBUG:colcon.colcon_parallel_executor.executor.parallel:loop closed
[5.131s] DEBUG:colcon.colcon_core.event_reactor:joining thread
[5.152s] INFO:colcon.colcon_core.plugin_system:Skipping extension 'colcon_notification.desktop_notification.notify_send': Could not find 'notify-send'
[5.153s] INFO:colcon.colcon_core.plugin_system:Skipping extension 'colcon_notification.desktop_notification.terminal_notifier': Not used on non-Darwin systems
[5.154s] INFO:colcon.colcon_core.plugin_system:Skipping extension 'colcon_notification.desktop_notification.win32': Not used on non-Windows systems
[5.154s] INFO:colcon.colcon_notification.desktop_notification:Sending desktop notification using 'notify2'
[5.156s] DEBUG:colcon.colcon_notification.desktop_notification.notify2:Failed to initialize notify2: org.freedesktop.DBus.Error.ServiceUnknown: The name org.freedesktop.Notifications was not provided by any .service files
[5.157s] DEBUG:colcon.colcon_core.event_reactor:joined thread
[5.158s] INFO:colcon.colcon_core.shell:Creating prefix script '/home/asdfr-27/ros2_ws/src/install/local_setup.ps1'
[5.162s] INFO:colcon.colcon_core.shell:Creating prefix util module '/home/asdfr-27/ros2_ws/src/install/_local_setup_util_ps1.py'
[5.169s] INFO:colcon.colcon_core.shell:Creating prefix chain script '/home/asdfr-27/ros2_ws/src/install/setup.ps1'
[5.176s] INFO:colcon.colcon_core.shell:Creating prefix script '/home/asdfr-27/ros2_ws/src/install/local_setup.sh'
[5.178s] INFO:colcon.colcon_core.shell:Creating prefix util module '/home/asdfr-27/ros2_ws/src/install/_local_setup_util_sh.py'
[5.182s] INFO:colcon.colcon_core.shell:Creating prefix chain script '/home/asdfr-27/ros2_ws/src/install/setup.sh'
[5.188s] INFO:colcon.colcon_core.shell:Creating prefix script '/home/asdfr-27/ros2_ws/src/install/local_setup.bash'
[5.190s] INFO:colcon.colcon_core.shell:Creating prefix chain script '/home/asdfr-27/ros2_ws/src/install/setup.bash'
[5.195s] INFO:colcon.colcon_core.shell:Creating prefix script '/home/asdfr-27/ros2_ws/src/install/local_setup.zsh'
[5.198s] INFO:colcon.colcon_core.shell:Creating prefix chain script '/home/asdfr-27/ros2_ws/src/install/setup.zsh'
