[0.092s] Invoking command in '/home/asdfr-27/ros2_ws/src/build/green_checker': CMAKE_PREFIX_PATH=${CMAKE_PREFIX_PATH}:/opt/ros/humble /usr/bin/cmake /home/asdfr-27/ros2_ws/src/green_checker -DCMAKE_INSTALL_PREFIX=/home/asdfr-27/ros2_ws/src/install/green_checker
[0.411s] -- The C compiler identification is GNU 11.4.0
[0.725s] -- The CXX compiler identification is GNU 11.4.0
[0.762s] -- Detecting C compiler ABI info
[1.131s] -- Detecting C compiler ABI info - done
[1.168s] -- Check for working C compiler: /usr/bin/cc - skipped
[1.173s] -- Detecting C compile features
[1.176s] -- Detecting C compile features - done
[1.196s] -- Detecting CXX compiler ABI info
[1.700s] -- Detecting CXX compiler ABI info - done
[1.734s] -- Check for working CXX compiler: /usr/bin/c++ - skipped
[1.737s] -- Detecting CXX compile features
[1.741s] -- Detecting CXX compile features - done
[1.765s] -- Found ament_cmake: 1.3.11 (/opt/ros/humble/share/ament_cmake/cmake)
[2.610s] -- Found Python3: /usr/bin/python3 (found version "3.10.12") found components: Interpreter 
[3.072s] -- Found rclcpp: 16.0.11 (/opt/ros/humble/share/rclcpp/cmake)
[3.211s] -- Found rosidl_generator_c: 3.1.6 (/opt/ros/humble/share/rosidl_generator_c/cmake)
[3.232s] -- Found rosidl_adapter: 3.1.6 (/opt/ros/humble/share/rosidl_adapter/cmake)
[3.261s] -- Found rosidl_generator_cpp: 3.1.6 (/opt/ros/humble/share/rosidl_generator_cpp/cmake)
[3.310s] -- Using all available rosidl_typesupport_c: rosidl_typesupport_fastrtps_c;rosidl_typesupport_introspection_c
[3.376s] -- Using all available rosidl_typesupport_cpp: rosidl_typesupport_fastrtps_cpp;rosidl_typesupport_introspection_cpp
[3.554s] -- Found rmw_implementation_cmake: 6.1.2 (/opt/ros/humble/share/rmw_implementation_cmake/cmake)
[3.565s] -- Found rmw_fastrtps_cpp: 6.2.7 (/opt/ros/humble/share/rmw_fastrtps_cpp/cmake)
[3.872s] -- Found OpenSSL: /usr/lib/aarch64-linux-gnu/libcrypto.so (found version "3.0.2")  
[3.994s] -- Found FastRTPS: /opt/ros/humble/include  
[4.117s] -- Using RMW implementation 'rmw_fastrtps_cpp' as default
[4.150s] -- Looking for pthread.h
[4.471s] -- Looking for pthread.h - found
[4.473s] -- Performing Test CMAKE_HAVE_LIBC_PTHREAD
[4.764s] -- Performing Test CMAKE_HAVE_LIBC_PTHREAD - Success
[4.770s] -- Found Threads: TRUE  
[5.002s] -- Found sensor_msgs: 4.2.4 (/opt/ros/humble/share/sensor_msgs/cmake)
[5.576s] -- Configuring done
[5.688s] -- Generating done
[5.763s] -- Build files have been written to: /home/asdfr-27/ros2_ws/src/build/green_checker
[5.829s] Invoked command in '/home/asdfr-27/ros2_ws/src/build/green_checker' returned '0': CMAKE_PREFIX_PATH=${CMAKE_PREFIX_PATH}:/opt/ros/humble /usr/bin/cmake /home/asdfr-27/ros2_ws/src/green_checker -DCMAKE_INSTALL_PREFIX=/home/asdfr-27/ros2_ws/src/install/green_checker
[5.849s] Invoking command in '/home/asdfr-27/ros2_ws/src/build/green_checker': CMAKE_PREFIX_PATH=${CMAKE_PREFIX_PATH}:/opt/ros/humble /usr/bin/cmake --build /home/asdfr-27/ros2_ws/src/build/green_checker -- -j3 -l3
[6.088s] [ 50%] [32mBuilding CXX object CMakeFiles/green_checker_node.dir/src/green_checker_node.cpp.o[0m
[16.019s] gmake[2]: *** [CMakeFiles/green_checker_node.dir/build.make:76: CMakeFiles/green_checker_node.dir/src/green_checker_node.cpp.o] Interrupt
[16.085s] gmake[1]: *** [CMakeFiles/Makefile2:137: CMakeFiles/green_checker_node.dir/all] Interrupt
[16.087s] gmake: *** [Makefile:146: all] Interrupt
[16.156s] Invoked command in '/home/asdfr-27/ros2_ws/src/build/green_checker' returned '-2': CMAKE_PREFIX_PATH=${CMAKE_PREFIX_PATH}:/opt/ros/humble /usr/bin/cmake --build /home/asdfr-27/ros2_ws/src/build/green_checker -- -j3 -l3
