[0.061s] Invoking command in '/home/asdfr-27/ros2_ws/src/build/brightness_adjuster': CMAKE_PREFIX_PATH=${CMAKE_PREFIX_PATH}:/opt/ros/humble /usr/bin/cmake /home/asdfr-27/ros2_ws/src/brightness_adjuster -DCMAKE_INSTALL_PREFIX=/home/asdfr-27/ros2_ws/src/install/brightness_adjuster
[0.300s] -- The C compiler identification is GNU 11.4.0
[0.570s] -- The CXX compiler identification is GNU 11.4.0
[0.596s] -- Detecting C compiler ABI info
[0.938s] -- Detecting C compiler ABI info - done
[0.970s] -- Check for working C compiler: /usr/bin/cc - skipped
[0.971s] -- Detecting C compile features
[0.972s] -- Detecting C compile features - done
[1.003s] -- Detecting CXX compiler ABI info
[1.458s] -- Detecting CXX compiler ABI info - done
[1.500s] -- Check for working CXX compiler: /usr/bin/c++ - skipped
[1.501s] -- Detecting CXX compile features
[1.502s] -- Detecting CXX compile features - done
[1.517s] -- Found ament_cmake: 1.3.11 (/opt/ros/humble/share/ament_cmake/cmake)
[2.343s] -- Found Python3: /usr/bin/python3 (found version "3.10.12") found components: Interpreter 
[2.801s] -- Found rclcpp: 16.0.11 (/opt/ros/humble/share/rclcpp/cmake)
[2.939s] -- Found rosidl_generator_c: 3.1.6 (/opt/ros/humble/share/rosidl_generator_c/cmake)
[2.960s] -- Found rosidl_adapter: 3.1.6 (/opt/ros/humble/share/rosidl_adapter/cmake)
[2.997s] -- Found rosidl_generator_cpp: 3.1.6 (/opt/ros/humble/share/rosidl_generator_cpp/cmake)
[3.038s] -- Using all available rosidl_typesupport_c: rosidl_typesupport_fastrtps_c;rosidl_typesupport_introspection_c
[3.106s] -- Using all available rosidl_typesupport_cpp: rosidl_typesupport_fastrtps_cpp;rosidl_typesupport_introspection_cpp
[3.247s] -- Found rmw_implementation_cmake: 6.1.2 (/opt/ros/humble/share/rmw_implementation_cmake/cmake)
[3.255s] -- Found rmw_fastrtps_cpp: 6.2.7 (/opt/ros/humble/share/rmw_fastrtps_cpp/cmake)
[3.541s] -- Found OpenSSL: /usr/lib/aarch64-linux-gnu/libcrypto.so (found version "3.0.2")  
[3.612s] -- Found FastRTPS: /opt/ros/humble/include  
[3.721s] -- Using RMW implementation 'rmw_fastrtps_cpp' as default
[3.751s] -- Looking for pthread.h
[4.090s] -- Looking for pthread.h - found
[4.092s] -- Performing Test CMAKE_HAVE_LIBC_PTHREAD
[4.485s] -- Performing Test CMAKE_HAVE_LIBC_PTHREAD - Success
[4.491s] -- Found Threads: TRUE  
[4.770s] -- Found sensor_msgs: 4.2.4 (/opt/ros/humble/share/sensor_msgs/cmake)
[4.891s] -- Found cv_bridge: 3.2.1 (/opt/ros/humble/share/cv_bridge/cmake)
[4.940s] -- Found OpenCV: /usr (found version "4.5.4") 
[5.357s] -- Configuring done
[5.515s] -- Generating done
[5.582s] -- Build files have been written to: /home/asdfr-27/ros2_ws/src/build/brightness_adjuster
[5.627s] Invoked command in '/home/asdfr-27/ros2_ws/src/build/brightness_adjuster' returned '0': CMAKE_PREFIX_PATH=${CMAKE_PREFIX_PATH}:/opt/ros/humble /usr/bin/cmake /home/asdfr-27/ros2_ws/src/brightness_adjuster -DCMAKE_INSTALL_PREFIX=/home/asdfr-27/ros2_ws/src/install/brightness_adjuster
[5.633s] Invoking command in '/home/asdfr-27/ros2_ws/src/build/brightness_adjuster': CMAKE_PREFIX_PATH=${CMAKE_PREFIX_PATH}:/opt/ros/humble /usr/bin/cmake --build /home/asdfr-27/ros2_ws/src/build/brightness_adjuster -- -j3 -l3
[5.886s] [ 50%] [32mBuilding CXX object CMakeFiles/brightness_node.dir/src/brightness_adjuster.cpp.o[0m
[16.058s] gmake[2]: *** [CMakeFiles/brightness_node.dir/build.make:76: CMakeFiles/brightness_node.dir/src/brightness_adjuster.cpp.o] Interrupt
[16.059s] gmake[1]: *** [CMakeFiles/Makefile2:137: CMakeFiles/brightness_node.dir/all] Interrupt
[16.061s] gmake: *** [Makefile:146: all] Interrupt
