[0.051s] Invoking command in '/home/asdfr-27/ros2_ws/src/build/cam2image_vm2ros': CMAKE_PREFIX_PATH=${CMAKE_PREFIX_PATH}:/opt/ros/humble /usr/bin/cmake /home/asdfr-27/ros2_ws/src/cam2image_vm2ros -DCMAKE_INSTALL_PREFIX=/home/asdfr-27/ros2_ws/src/install/cam2image_vm2ros
[0.284s] -- The C compiler identification is GNU 11.4.0
[0.571s] -- The CXX compiler identification is GNU 11.4.0
[0.596s] -- Detecting C compiler ABI info
[0.896s] -- Detecting C compiler ABI info - done
[0.927s] -- Check for working C compiler: /usr/bin/cc - skipped
[0.929s] -- Detecting C compile features
[0.933s] -- Detecting C compile features - done
[0.947s] -- Detecting CXX compiler ABI info
[1.272s] -- Detecting CXX compiler ABI info - done
[1.315s] -- Check for working CXX compiler: /usr/bin/c++ - skipped
[1.316s] -- Detecting CXX compile features
[1.317s] -- Detecting CXX compile features - done
[1.365s] -- Found ament_cmake: 1.3.11 (/opt/ros/humble/share/ament_cmake/cmake)
[2.197s] -- Found Python3: /usr/bin/python3 (found version "3.10.12") found components: Interpreter 
[2.689s] -- Found rclcpp: 16.0.11 (/opt/ros/humble/share/rclcpp/cmake)
[2.829s] -- Found rosidl_generator_c: 3.1.6 (/opt/ros/humble/share/rosidl_generator_c/cmake)
[2.844s] -- Found rosidl_adapter: 3.1.6 (/opt/ros/humble/share/rosidl_adapter/cmake)
[2.874s] -- Found rosidl_generator_cpp: 3.1.6 (/opt/ros/humble/share/rosidl_generator_cpp/cmake)
[2.921s] -- Using all available rosidl_typesupport_c: rosidl_typesupport_fastrtps_c;rosidl_typesupport_introspection_c
[2.990s] -- Using all available rosidl_typesupport_cpp: rosidl_typesupport_fastrtps_cpp;rosidl_typesupport_introspection_cpp
[3.154s] -- Found rmw_implementation_cmake: 6.1.2 (/opt/ros/humble/share/rmw_implementation_cmake/cmake)
[3.162s] -- Found rmw_fastrtps_cpp: 6.2.7 (/opt/ros/humble/share/rmw_fastrtps_cpp/cmake)
[3.407s] -- Found OpenSSL: /usr/lib/aarch64-linux-gnu/libcrypto.so (found version "3.0.2")  
[3.477s] -- Found FastRTPS: /opt/ros/humble/include  
[3.600s] -- Using RMW implementation 'rmw_fastrtps_cpp' as default
[3.626s] -- Looking for pthread.h
[4.023s] -- Looking for pthread.h - found
[4.027s] -- Performing Test CMAKE_HAVE_LIBC_PTHREAD
[4.378s] -- Performing Test CMAKE_HAVE_LIBC_PTHREAD - Success
[4.384s] -- Found Threads: TRUE  
[4.632s] -- Found rclcpp_components: 16.0.11 (/opt/ros/humble/share/rclcpp_components/cmake)
[4.756s] -- Found sensor_msgs: 4.2.4 (/opt/ros/humble/share/sensor_msgs/cmake)
[4.884s] -- Found cv_bridge: 3.2.1 (/opt/ros/humble/share/cv_bridge/cmake)
[4.930s] -- Found OpenCV: /usr (found version "4.5.4") found components: core highgui imgcodecs imgproc videoio 
[5.345s] -- Configuring done
[5.439s] -- Generating done
[5.480s] -- Build files have been written to: /home/asdfr-27/ros2_ws/src/build/cam2image_vm2ros
[5.555s] Invoked command in '/home/asdfr-27/ros2_ws/src/build/cam2image_vm2ros' returned '0': CMAKE_PREFIX_PATH=${CMAKE_PREFIX_PATH}:/opt/ros/humble /usr/bin/cmake /home/asdfr-27/ros2_ws/src/cam2image_vm2ros -DCMAKE_INSTALL_PREFIX=/home/asdfr-27/ros2_ws/src/install/cam2image_vm2ros
[5.557s] Invoking command in '/home/asdfr-27/ros2_ws/src/build/cam2image_vm2ros': CMAKE_PREFIX_PATH=${CMAKE_PREFIX_PATH}:/opt/ros/humble /usr/bin/cmake --build /home/asdfr-27/ros2_ws/src/build/cam2image_vm2ros -- -j3 -l3
[5.736s] [ 20%] [32mBuilding CXX object CMakeFiles/cam2image.dir/rclcpp_components/node_main_cam2image.cpp.o[0m
[5.768s] [ 40%] [32mBuilding CXX object CMakeFiles/cam2image_vm2ros.dir/src/cam2image.cpp.o[0m
[5.788s] [ 60%] [32mBuilding CXX object CMakeFiles/cam2image_vm2ros.dir/src/remote_capture.cpp.o[0m
[16.043s] gmake[2]: *** [CMakeFiles/cam2image_vm2ros.dir/build.make:76: CMakeFiles/cam2image_vm2ros.dir/src/remote_capture.cpp.o] Interrupt
[16.054s] gmake[2]: *** wait: No child processes.  Stop.
[16.064s] gmake[2]: *** Waiting for unfinished jobs....
[16.071s] gmake[2]: *** wait: No child processes.  Stop.
[16.089s] gmake[2]: *** wait: No child processes.  Stop.
[16.091s] gmake[2]: *** Waiting for unfinished jobs....
[16.092s] gmake[2]: *** wait: No child processes.  Stop.
[16.096s] gmake[1]: *** [CMakeFiles/Makefile2:165: CMakeFiles/cam2image.dir/all] Error 2
[16.097s] gmake[1]: *** wait: No child processes.  Stop.
[16.141s] gmake[1]: *** Waiting for unfinished jobs....
[16.143s] gmake[1]: *** wait: No child processes.  Stop.
[16.144s] gmake: *** [Makefile:146: all] Error 2
